(agda2-status-action "")
(agda2-info-action "*Type-checking*" "" nil)
(agda2-highlight-clear)
(agda2-status-action "")
(agda2-info-action "*All Goals*" "?0 : Set‚ÇÅ " nil)
((last . 1) . (agda2-goals-action '(0)))
((last . 2) . (agda2-make-case-action '("G false = ?" "G true = ?")))
((last . 1) . (agda2-goals-action '(0)))
