(agda2-status-action "")
(agda2-info-action "*Type-checking*" "" nil)
(agda2-highlight-clear)
(agda2-status-action "")
(agda2-info-action "*All Goals*" "?0 : A → A ?1 : Bool" nil)
((last . 1) . (agda2-goals-action '(0 1)))
((last . 2) . (agda2-make-case-action '("HFun.apply test {β} x = ?")))
((last . 1) . (agda2-goals-action '(0 1)))
((last . 2) . (agda2-make-case-action '("test' {b = z} false = ?" "test' {b = z} true = ?")))
((last . 1) . (agda2-goals-action '(0 1)))
