(agda2-status-action "")
(agda2-info-action "*Type-checking*" "" nil)
(agda2-highlight-clear)
(agda2-status-action "")
(agda2-info-action "*All Goals*" "?0 : A ?1 : A " nil)
((last . 1) . (agda2-goals-action '(0 1)))
(agda2-give-action 0 "M.a")
((last . 1) . (agda2-goals-action '(1)))
(agda2-give-action 1 "a")
((last . 1) . (agda2-goals-action '()))
