(agda2-status-action "")
(agda2-info-action "*Type-checking*" "" nil)
(agda2-highlight-clear)
(agda2-status-action "")
(agda2-info-action "*All Goals*" "?0 : Set â†’ Set" nil)
((last . 1) . (agda2-goals-action '(0)))
(agda2-highlight-load-and-delete-action)
(agda2-give-action 0 'no-paren)
(agda2-status-action "")
(agda2-info-action "*All Done*" "" nil)
((last . 1) . (agda2-goals-action '()))
