(agda2-status-action "")
(agda2-info-action "*Type-checking*" "" nil)
(agda2-highlight-clear)
(agda2-info-action "*Type-checking*" "Checking Issue720 (Issue720.agda)." t)
(agda2-highlight-add-annotations 'nil '(1 7 (keyword) t) '(17 22 (keyword) t))
(agda2-highlight-add-annotations 'nil '(1 7 (keyword) t) '(8 16 (module) nil nil ("Issue720.agda" . 1)) '(17 22 (keyword) t))
(agda2-highlight-add-annotations 'nil '(1 7 (keyword) t) '(8 16 (module) nil nil ("Issue720.agda" . 1)) '(17 22 (keyword) t))
(agda2-status-action "Checked")
(agda2-info-action "*All Done*" "" nil)
((last . 1) . (agda2-goals-action '()))
(agda2-status-action "")
(agda2-info-action "*Type-checking*" "" nil)
(agda2-highlight-clear)
(agda2-info-action "*Type-checking*" "Checking Issue720 (Issue720.agda)." t)
(agda2-highlight-add-annotations 'nil '(1 7 (keyword) t) '(17 22 (keyword) t))
(agda2-highlight-add-annotations 'nil '(1 7 (keyword) t) '(8 16 (module) nil nil ("Issue720.agda" . 1)) '(17 22 (keyword) t))
(agda2-highlight-add-annotations 'nil '(1 7 (keyword) t) '(8 16 (module) nil nil ("Issue720.agda" . 1)) '(17 22 (keyword) t))
(agda2-status-action "Checked")
(agda2-info-action "*All Done*" "" nil)
((last . 1) . (agda2-goals-action '()))
