(agda2-status-action "")
(agda2-info-action "*Type-checking*" "" nil)
(agda2-highlight-clear)
(agda2-status-action "")
(agda2-info-action "*All Goals*" "?0 : A ?1 : Set " nil)
((last . 1) . (agda2-goals-action '(0 1)))
((last . 2) . (agda2-make-case-action '("‚ä•-elim A ()")))
((last . 1) . (agda2-goals-action '(0 1)))
((last . 2) . (agda2-make-case-action '("set-elim true x = ?")))
((last . 1) . (agda2-goals-action '(0 1)))
