(agda2-status-action "")
(agda2-info-action "*Type-checking*" "" nil)
(agda2-highlight-clear)
(agda2-status-action "")
(agda2-info-action "*All Goals*" "?0 : Nat ?1 : Nat ?2 : Nat ?3 : Nat ?4 : Nat ?5 : Nat" nil)
((last . 1) . (agda2-goals-action '(0 1 2 3 4 5)))
((last . 2) . (agda2-make-case-action '("test1 {.(suc n)} (fsuc {n} i) | q = ?")))
((last . 1) . (agda2-goals-action '(0 1 2 3 4 5)))
((last . 2) . (agda2-make-case-action '("test2 {.1} (fsuc {.0} i) | refl = ?")))
((last . 1) . (agda2-goals-action '(0 1 2 3 4 5)))
((last . 2) . (agda2-make-case-action '("test3 {.(suc _)} (fsuc {_} i) | q = ?")))
((last . 1) . (agda2-goals-action '(0 1 2 3 4 5)))
((last . 2) . (agda2-make-case-action '("test4 {.(suc _)} (fsuc {_} i) | q = ?")))
((last . 1) . (agda2-goals-action '(0 1 2 3 4 5)))
((last . 2) . (agda2-make-case-action '("test5 {.(suc n)} (fsuc {n} i) n | refl = ?")))
((last . 1) . (agda2-goals-action '(0 1 2 3 4 5)))
((last . 2) . (agda2-make-case-action '("test6 m {.(suc m)} (fsuc {.m} i) | refl = ?")))
((last . 1) . (agda2-goals-action '(0 1 2 3 4 5)))
