(agda2-status-action "")
(agda2-info-action "*Type-checking*" "" nil)
(agda2-highlight-clear)
(agda2-status-action "Checked")
(agda2-info-action "*All Done*" "" nil)
((last . 1) . (agda2-goals-action '()))
(agda2-status-action "Checked")
(agda2-info-action "*Inferred Type*" "‚ä§" nil)
(agda2-info-action "*Error*" "1,8-15 1201 when checking that the expression unquote (test1 n) has type _130" nil)
(agda2-highlight-load-and-delete-action)
(agda2-status-action "")
(agda2-info-action "*Error*" "1,12-19 3401 when checking that the expression unquote (test1 n) has type _138" nil)
(agda2-highlight-load-and-delete-action)
(agda2-status-action "")
(agda2-info-action "*Error*" "1,8-15 0 when checking that the expression unquote (test3 n) has type _130" nil)
(agda2-highlight-load-and-delete-action)
(agda2-status-action "")
(agda2-info-action "*Error*" "1,10-17 1 when checking that the expression unquote (test3 n) has type _134" nil)
(agda2-highlight-load-and-delete-action)
(agda2-status-action "")
(agda2-info-action "*Error*" "1,1-9 Local variable 'x' escaping in result of extendContext: x when checking that the expression unquote localvar has type _126" nil)
(agda2-highlight-load-and-delete-action)
(agda2-status-action "")
