(agda2-status-action "")
(agda2-info-action "*Type-checking*" "" nil)
(agda2-highlight-clear)
(agda2-status-action "")
(agda2-info-action "*All Goals*" "?0 : Unit ?1 : Unit " nil)
((last . 1) . (agda2-goals-action '(0 1)))
(agda2-give-action 1 "unit")
(agda2-status-action "")
(agda2-info-action "*All Goals*" "?0 : Unit " nil)
((last . 1) . (agda2-goals-action '(0)))
(agda2-give-action 0 "unit")
((last . 1) . (agda2-goals-action '()))
