(agda2-status-action "")
(agda2-info-action "*Type-checking*" "" nil)
(agda2-highlight-clear)
(agda2-status-action "")
(agda2-info-action "*All Goals*" "?0 : ⊥ ?1 : ⊥" nil)
((last . 1) . (agda2-goals-action '(0 1)))
((last . 2) . (agda2-make-case-action '("test (() ∷ _)")))
((last . 1) . (agda2-goals-action '(0 1)))
((last . 2) . (agda2-make-case-action '("test′ (() ∷ _) (x ∷ ys) _")))
((last . 1) . (agda2-goals-action '(0 1)))
