(agda2-status-action "")
(agda2-info-action "*Type-checking*" "" nil)
(agda2-highlight-clear)
(agda2-status-action "")
(agda2-info-action "*All Goals*" "?0 : P (x >>= (λ x₁ → x₁) >>= (λ x₁ → x₁))" nil)
((last . 1) . (agda2-goals-action '(0)))
