(agda2-status-action "")
(agda2-info-action "*Type-checking*" "" nil)
(agda2-highlight-clear)
(agda2-info-action "*Type-checking*" "Checking Issue2306 (Issue2306.agda)." t)
(agda2-status-action "")
(agda2-info-action "*All Goals*" "?0 : Set" nil)
((last . 1) . (agda2-goals-action '(0)))
(agda2-status-action "")
(agda2-info-action "*Current Goal*" "Set" nil)
