Checking Issue2487.A (Issue2487/A.agda).
Checking Issue2487-2 (Issue2487-2.agda).
Changes in the following options, re-typechecking: [--no-sized-types, --no-guardedness, --safe]
Checking Issue2487.A (Issue2487/A.agda).
Importing module Issue2487.A not using the --safe flag from a
module which does.
Importing module Issue2487.A not using the --no-sized-types flag
from a module which does.
Importing module Issue2487.A not using the --no-guardedness flag
from a module which does.
