(agda2-status-action "")
(agda2-info-action "*Type-checking*" "" nil)
(agda2-highlight-clear)
(agda2-status-action "")
(agda2-info-action "*All Goals*" "?0 : D p x ?1 : D p x " nil)
((last . 1) . (agda2-goals-action '(0 1)))
((last . 2) . (agda2-make-case-action '("test .p _ (c p {p'} x pp) = ?")))
((last . 1) . (agda2-goals-action '(0 1)))
((last . 2) . (agda2-make-case-action '("test .p (c {p} {p'} {x = x} pp) = ?")))
((last . 1) . (agda2-goals-action '(0 1)))
