(agda2-status-action "")
(agda2-info-action "*Type-checking*" "" nil)
(agda2-highlight-clear)
(agda2-status-action "")
(agda2-info-action "*All Goals*" "?0 : Set _Q_17 : A → Set' Agda.Primitive.lzero [ at Issue3073.agda:17,13-14 ] " nil)
((last . 1) . (agda2-goals-action '(0)))
(agda2-give-action 0 "_")
(agda2-status-action "")
(agda2-info-action "*All Goals*" "_Q_17 : A → Set' Agda.Primitive.lzero [ at Issue3073.agda:17,13-14 ] " nil)
((last . 1) . (agda2-goals-action '()))
