(agda2-status-action "")
(agda2-info-action "*Type-checking*" "" nil)
(agda2-highlight-clear)
(agda2-highlight-add-annotations 'nil '(1 7 (keyword) t) '(18 23 (keyword) t) '(25 29 (keyword) t) '(30 36 (keyword) t))
(agda2-highlight-add-annotations 'nil '(1 7 (keyword) t) '(8 17 (module) nil nil ("Issue4954.agda" . 1)) '(18 23 (keyword) t) '(37 48 (module) nil nil ("Issue4954/M.agda" . 1)) '(49 52 (primitive) nil nil ("agda-default-include-path/Agda/Primitive.agda" . 337)))
(agda2-highlight-add-annotations 'nil '(25 52 (typechecks)))
(agda2-highlight-add-annotations 'nil '(25 49 () t))
(agda2-highlight-add-annotations 'nil '(25 49 (typechecks)))
(agda2-highlight-add-annotations 'nil '(25 52 () t))
(agda2-highlight-add-annotations 'nil '(25 29 (keyword) t) '(30 36 (keyword) t) '(37 48 (module) nil nil ("Issue4954/M.agda" . 1)) '(49 52 (primitive) nil nil ("agda-default-include-path/Agda/Primitive.agda" . 337)))
(agda2-highlight-add-annotations 'nil '(1 7 (keyword) t) '(8 17 (module) nil nil ("Issue4954.agda" . 1)) '(18 23 (keyword) t))
(agda2-status-action "Checked")
(agda2-info-action "*All Done*" "" nil)
((last . 1) . (agda2-goals-action '()))
