(agda2-status-action "")
(agda2-info-action "*Type-checking*" "" nil)
(agda2-highlight-clear)
(agda2-status-action "")
(agda2-info-action "*All Goals*" "_A_0 : Set [ at MetaNameSuggestion.agda:13.11-12 ] _B_1 : Set [ at MetaNameSuggestion.agda:17.9-10 ] _B_2 : Set [ at MetaNameSuggestion.agda:21.12-13 ]" nil)
((last . 1) . (agda2-goals-action '()))
