(agda2-status-action "")
(agda2-info-action "*Type-checking*" "" nil)
(agda2-highlight-clear)
(agda2-status-action "")
(agda2-info-action "*All Goals*" "?0 : Set" nil)
((last . 1) . (agda2-goals-action '(0)))
(agda2-status-action "")
(agda2-info-action "*Normal Form*" "loop 5" nil)
(agda2-status-action "")
(agda2-info-action "*Normal Form*" "loop 5" nil)
(agda2-status-action "")
(agda2-info-action "*Normal Form*" "0" nil)
(agda2-status-action "")
(agda2-info-action "*Normal Form*" "0" nil)
