(agda2-highlight-add-annotations 'remove '(1 7 (keyword) t) '(30 35 (keyword) t) '(45 46 (symbol) t) '(60 61 (symbol) t) '(68 74 (keyword) t) '(77 78 (symbol) t) '(80 81 (symbol) t) '(85 86 (symbol) t) '(87 88 (symbol) t) '(97 102 (keyword) t) '(105 116 (keyword) t) '(124 129 (keyword) t) '(132 133 (symbol) t) '(143 144 (symbol) t) '(149 150 (symbol) t) '(155 156 (symbol) t) '(169 170 (symbol) t) '(176 181 (keyword) t) '(184 185 (symbol) t) '(192 193 (symbol) t) '(203 204 (symbol) t) '(211 212 (symbol) t) '(221 222 (symbol) t) '(226 235 (keyword) t) '(238 239 (symbol) t) '(240 241 (symbol) t) '(243 247 (keyword) t) '(248 254 (keyword) t) '(271 275 (keyword) t) '(278 279 (symbol) t) '(281 282 (symbol) t) '(286 287 (symbol) t) '(288 289 (symbol) t) '(298 303 (keyword) t) '(308 309 (symbol) t) '(310 313 (keyword) t) '(316 317 (symbol) t) '(320 322 (keyword) t) '(328 337 (keyword) t) '(346 347 (symbol) t) '(352 353 (symbol) t) '(358 359 (symbol) t) '(365 371 (keyword) t) '(372 373 (number) t) '(387 388 (symbol) t) '(409 410 (symbol) t) '(428 441 (comment) t))
