EXECUTED_PROGRAM

ret > ExitSuccess
out > 123.4 = 123.4
out > -42.9 = -42.9
out > NaN   = NaN
out > Inf   = Infinity
out > -Inf  = -Infinity
out > Inf == Inf  = true
out > NaN < -Inf  = false
out > NaN == NaN  = true
out > 0.0 == -0.0 = false
out >
