EXECUTED_PROGRAM

ret > ExitSuccess
out > hello world
